OpenJDK 64-Bit Server VM warning: Sharing is only supported for boot loader classes because bootstrap classpath has been appended
[otel.javaagent 2025-09-15 19:53:02:516 -0300] [main] INFO io.opentelemetry.javaagent.tooling.VersionLogger - opentelemetry-javaagent - version: 2.20.0

  .   ____          _            __ _ _
 /\\ / ___'_ __ _ _(_)_ __  __ _ \ \ \ \
( ( )\___ | '_ | '_| | '_ \/ _` | \ \ \ \
 \\/  ___)| |_)| | | | | || (_| |  ) ) ) )
  '  |____| .__|_| |_|_| |_\__, | / / / /
 =========|_|==============|___/=/_/_/_/
 :: Spring Boot ::                (v3.2.4)

2025-09-15 19:53:05.640 [main] INFO  [,] c.e.o.s.SubscriberServiceApplication - Starting SubscriberServiceApplication using Java 21.0.8 with PID 442949 (/home/allan/source/observability/subscriber-service/target/subscriber-service-1.0.0-SNAPSHOT.jar started by allan in /home/allan/source/observability/subscriber-service)
2025-09-15 19:53:05.686 [main] INFO  [,] c.e.o.s.SubscriberServiceApplication - The following 1 profile is active: "local"
[otel.javaagent 2025-09-15 19:53:06:446 -0300] [OkHttp http://localhost:4317/...] ERROR io.opentelemetry.exporter.internal.grpc.GrpcExporter - Failed to export logs. Server responded with UNIMPLEMENTED. This usually means that your collector is not configured with an otlp receiver in the "pipelines" section of the configuration. If export is not desired and you are using OpenTelemetry autoconfiguration or the javaagent, disable export by setting OTEL_LOGS_EXPORTER=none. Full error message: unknown service opentelemetry.proto.collector.logs.v1.LogsService
2025-09-15 19:53:07.002 [main] INFO  [,] o.s.d.r.c.RepositoryConfigurationDelegate - Bootstrapping Spring Data JPA repositories in DEFAULT mode.
2025-09-15 19:53:07.046 [main] INFO  [,] o.s.d.r.c.RepositoryConfigurationDelegate - Finished Spring Data repository scanning in 38 ms. Found 1 JPA repository interface.
2025-09-15 19:53:07.820 [main] INFO  [,] o.s.b.w.e.tomcat.TomcatWebServer - Tomcat initialized with port 8081 (http)
2025-09-15 19:53:07.845 [main] INFO  [,] o.a.catalina.core.StandardService - Starting service [Tomcat]
2025-09-15 19:53:07.846 [main] INFO  [,] o.a.catalina.core.StandardEngine - Starting Servlet engine: [Apache Tomcat/10.1.19]
2025-09-15 19:53:07.882 [main] INFO  [,] o.a.c.c.C.[Tomcat].[localhost].[/] - Initializing Spring embedded WebApplicationContext
2025-09-15 19:53:07.882 [main] INFO  [,] o.s.b.w.s.c.ServletWebServerApplicationContext - Root WebApplicationContext: initialization completed in 2081 ms
2025-09-15 19:53:08.410 [main] INFO  [,] o.h.jpa.internal.util.LogHelper - HHH000204: Processing PersistenceUnitInfo [name: default]
2025-09-15 19:53:08.513 [main] INFO  [,] org.hibernate.Version - HHH000412: Hibernate ORM core version 6.4.4.Final
2025-09-15 19:53:08.559 [main] INFO  [,] o.h.c.i.RegionFactoryInitiator - HHH000026: Second-level cache disabled
2025-09-15 19:53:08.762 [main] INFO  [,] o.s.o.j.p.SpringPersistenceUnitInfo - No LoadTimeWeaver setup: ignoring JPA class transformer
2025-09-15 19:53:08.786 [main] INFO  [,] com.zaxxer.hikari.HikariDataSource - SubscriberServicePool - Starting...
2025-09-15 19:53:09.006 [main] INFO  [,] com.zaxxer.hikari.pool.HikariPool - SubscriberServicePool - Added connection org.postgresql.jdbc.PgConnection@700f356b
2025-09-15 19:53:09.014 [main] INFO  [,] com.zaxxer.hikari.HikariDataSource - SubscriberServicePool - Start completed.
2025-09-15 19:53:09.069 [main] WARN  [,] org.hibernate.orm.deprecation - HHH90000025: PostgreSQLDialect does not need to be specified explicitly using 'hibernate.dialect' (remove the property setting and it will be selected by default)
2025-09-15 19:53:09.891 [main] INFO  [,] o.h.e.t.j.p.i.JtaPlatformInitiator - HHH000489: No JTA platform available (set 'hibernate.transaction.jta.platform' to enable JTA platform integration)
2025-09-15 19:53:09.894 [main] INFO  [,] o.s.o.j.LocalContainerEntityManagerFactoryBean - Initialized JPA EntityManagerFactory for persistence unit 'default'
2025-09-15 19:53:10.413 [main] INFO  [,] o.s.d.j.r.query.QueryEnhancerFactory - Hibernate is in classpath; If applicable, HQL parser will be used.
2025-09-15 19:53:11.248 [main] WARN  [,] c.g.c.s.c.DefaultCredentialsProvider - No core credentials are set. Service-specific credentials (e.g., spring.cloud.gcp.pubsub.credentials.*) should be used if your app uses services that require credentials.
java.io.IOException: Your default credentials were not found. To set up Application Default Credentials for your environment, see https://cloud.google.com/docs/authentication/external/set-up-adc.
	at com.google.auth.oauth2.DefaultCredentialsProvider.getDefaultCredentials(DefaultCredentialsProvider.java:127)
	at com.google.auth.oauth2.GoogleCredentials.getApplicationDefault(GoogleCredentials.java:152)
	at com.google.auth.oauth2.GoogleCredentials.getApplicationDefault(GoogleCredentials.java:124)
	at com.google.api.gax.core.GoogleCredentialsProvider.getCredentials(GoogleCredentialsProvider.java:70)
	at com.google.cloud.spring.core.DefaultCredentialsProvider.<init>(DefaultCredentialsProvider.java:101)
	at com.google.cloud.spring.autoconfigure.core.GcpContextAutoConfiguration.googleCredentials(GcpContextAutoConfiguration.java:56)
	at java.base/jdk.internal.reflect.DirectMethodHandleAccessor.invoke(DirectMethodHandleAccessor.java:103)
	at java.base/java.lang.reflect.Method.invoke(Method.java:580)
	at org.springframework.beans.factory.support.SimpleInstantiationStrategy.instantiate(SimpleInstantiationStrategy.java:140)
	at org.springframework.beans.factory.support.ConstructorResolver.instantiate(ConstructorResolver.java:644)
	at org.springframework.beans.factory.support.ConstructorResolver.instantiateUsingFactoryMethod(ConstructorResolver.java:485)
	at org.springframework.beans.factory.support.AbstractAutowireCapableBeanFactory.instantiateUsingFactoryMethod(AbstractAutowireCapableBeanFactory.java:1335)
	at org.springframework.beans.factory.support.AbstractAutowireCapableBeanFactory.createBeanInstance(AbstractAutowireCapableBeanFactory.java:1165)
	at org.springframework.beans.factory.support.AbstractAutowireCapableBeanFactory.doCreateBean(AbstractAutowireCapableBeanFactory.java:562)
	at org.springframework.beans.factory.support.AbstractAutowireCapableBeanFactory.createBean(AbstractAutowireCapableBeanFactory.java:522)
	at org.springframework.beans.factory.support.AbstractBeanFactory.lambda$doGetBean$0(AbstractBeanFactory.java:326)
	at org.springframework.beans.factory.support.DefaultSingletonBeanRegistry.getSingleton(DefaultSingletonBeanRegistry.java:234)
	at org.springframework.beans.factory.support.AbstractBeanFactory.doGetBean(AbstractBeanFactory.java:324)
	at org.springframework.beans.factory.support.AbstractBeanFactory.getBean(AbstractBeanFactory.java:200)
	at org.springframework.beans.factory.config.DependencyDescriptor.resolveCandidate(DependencyDescriptor.java:254)
	at org.springframework.beans.factory.support.DefaultListableBeanFactory.doResolveDependency(DefaultListableBeanFactory.java:1443)
	at org.springframework.beans.factory.support.DefaultListableBeanFactory.resolveDependency(DefaultListableBeanFactory.java:1353)
	at org.springframework.beans.factory.support.ConstructorResolver.resolveAutowiredArgument(ConstructorResolver.java:904)
	at org.springframework.beans.factory.support.ConstructorResolver.createArgumentArray(ConstructorResolver.java:782)
	at org.springframework.beans.factory.support.ConstructorResolver.autowireConstructor(ConstructorResolver.java:237)
	at org.springframework.beans.factory.support.AbstractAutowireCapableBeanFactory.autowireConstructor(AbstractAutowireCapableBeanFactory.java:1355)
	at org.springframework.beans.factory.support.AbstractAutowireCapableBeanFactory.createBeanInstance(AbstractAutowireCapableBeanFactory.java:1192)
	at org.springframework.beans.factory.support.AbstractAutowireCapableBeanFactory.doCreateBean(AbstractAutowireCapableBeanFactory.java:562)
	at org.springframework.beans.factory.support.AbstractAutowireCapableBeanFactory.createBean(AbstractAutowireCapableBeanFactory.java:522)
	at org.springframework.beans.factory.support.AbstractBeanFactory.lambda$doGetBean$0(AbstractBeanFactory.java:326)
	at org.springframework.beans.factory.support.DefaultSingletonBeanRegistry.getSingleton(DefaultSingletonBeanRegistry.java:234)
	at org.springframework.beans.factory.support.AbstractBeanFactory.doGetBean(AbstractBeanFactory.java:324)
	at org.springframework.beans.factory.support.AbstractBeanFactory.getBean(AbstractBeanFactory.java:200)
	at org.springframework.beans.factory.support.ConstructorResolver.instantiateUsingFactoryMethod(ConstructorResolver.java:409)
	at org.springframework.beans.factory.support.AbstractAutowireCapableBeanFactory.instantiateUsingFactoryMethod(AbstractAutowireCapableBeanFactory.java:1335)
	at org.springframework.beans.factory.support.AbstractAutowireCapableBeanFactory.createBeanInstance(AbstractAutowireCapableBeanFactory.java:1165)
	at org.springframework.beans.factory.support.AbstractAutowireCapableBeanFactory.doCreateBean(AbstractAutowireCapableBeanFactory.java:562)
	at org.springframework.beans.factory.support.AbstractAutowireCapableBeanFactory.createBean(AbstractAutowireCapableBeanFactory.java:522)
	at org.springframework.beans.factory.support.AbstractBeanFactory.lambda$doGetBean$0(AbstractBeanFactory.java:326)
	at org.springframework.beans.factory.support.DefaultSingletonBeanRegistry.getSingleton(DefaultSingletonBeanRegistry.java:234)
	at org.springframework.beans.factory.support.AbstractBeanFactory.doGetBean(AbstractBeanFactory.java:324)
	at org.springframework.beans.factory.support.AbstractBeanFactory.getBean(AbstractBeanFactory.java:200)
	at org.springframework.beans.factory.config.DependencyDescriptor.resolveCandidate(DependencyDescriptor.java:254)
	at org.springframework.beans.factory.support.DefaultListableBeanFactory.doResolveDependency(DefaultListableBeanFactory.java:1443)
	at org.springframework.beans.factory.support.DefaultListableBeanFactory.resolveDependency(DefaultListableBeanFactory.java:1353)
	at org.springframework.beans.factory.support.ConstructorResolver.resolveAutowiredArgument(ConstructorResolver.java:904)
	at org.springframework.beans.factory.support.ConstructorResolver.createArgumentArray(ConstructorResolver.java:782)
	at org.springframework.beans.factory.support.ConstructorResolver.autowireConstructor(ConstructorResolver.java:237)
	at org.springframework.beans.factory.support.AbstractAutowireCapableBeanFactory.autowireConstructor(AbstractAutowireCapableBeanFactory.java:1355)
	at org.springframework.beans.factory.support.AbstractAutowireCapableBeanFactory.createBeanInstance(AbstractAutowireCapableBeanFactory.java:1192)
	at org.springframework.beans.factory.support.AbstractAutowireCapableBeanFactory.doCreateBean(AbstractAutowireCapableBeanFactory.java:562)
	at org.springframework.beans.factory.support.AbstractAutowireCapableBeanFactory.createBean(AbstractAutowireCapableBeanFactory.java:522)
	at org.springframework.beans.factory.support.AbstractBeanFactory.lambda$doGetBean$0(AbstractBeanFactory.java:326)
	at org.springframework.beans.factory.support.DefaultSingletonBeanRegistry.getSingleton(DefaultSingletonBeanRegistry.java:234)
	at org.springframework.beans.factory.support.AbstractBeanFactory.doGetBean(AbstractBeanFactory.java:324)
	at org.springframework.beans.factory.support.AbstractBeanFactory.getBean(AbstractBeanFactory.java:200)
	at org.springframework.beans.factory.support.DefaultListableBeanFactory.preInstantiateSingletons(DefaultListableBeanFactory.java:975)
	at org.springframework.context.support.AbstractApplicationContext.finishBeanFactoryInitialization(AbstractApplicationContext.java:962)
	at org.springframework.context.support.AbstractApplicationContext.refresh(AbstractApplicationContext.java:624)
	at org.springframework.boot.web.servlet.context.ServletWebServerApplicationContext.refresh(ServletWebServerApplicationContext.java:146)
	at org.springframework.boot.SpringApplication.refresh(SpringApplication.java:754)
	at org.springframework.boot.SpringApplication.refreshContext(SpringApplication.java:456)
	at org.springframework.boot.SpringApplication.run(SpringApplication.java:334)
	at org.springframework.boot.SpringApplication.run(SpringApplication.java:1354)
	at org.springframework.boot.SpringApplication.run(SpringApplication.java:1343)
	at com.example.observability.subscriber.SubscriberServiceApplication.main(SubscriberServiceApplication.java:25)
	at java.base/jdk.internal.reflect.DirectMethodHandleAccessor.invoke(DirectMethodHandleAccessor.java:103)
	at java.base/java.lang.reflect.Method.invoke(Method.java:580)
	at org.springframework.boot.loader.launch.Launcher.launch(Launcher.java:91)
	at org.springframework.boot.loader.launch.Launcher.launch(Launcher.java:53)
	at org.springframework.boot.loader.launch.JarLauncher.main(JarLauncher.java:58)
2025-09-15 19:53:11.730 [main] INFO  [,] c.e.o.subscriber.config.PubSubConfig - Starting Pub/Sub subscriber for orders-subscription
2025-09-15 19:53:11.822 [main] WARN  [,] o.s.b.a.o.j.JpaBaseConfiguration$JpaWebConfiguration - spring.jpa.open-in-view is enabled by default. Therefore, database queries may be performed during view rendering. Explicitly configure spring.jpa.open-in-view to disable this warning
2025-09-15 19:53:11.957 [ForkJoinPool.commonPool-worker-1] INFO  [,] c.e.o.subscriber.config.PubSubConfig - Successfully started Pub/Sub subscriber
2025-09-15 19:53:12.815 [global-gcp-pubsub-subscriber1] INFO  [,] c.e.o.subscriber.config.PubSubConfig - Received Pub/Sub message: payload length=376, attributes={customerId=customer-001, traceId=200a62240d557cdcaa51f8c1e29d289c, timestamp=2025-09-15T22:18:39.677207549Z, spanId=b299ed180ae3ff60, source=api-service, eventType=ORDER_CREATED, orderId=3b3b2730-d2d1-4304-bac9-a90b782c9f8b}
2025-09-15 19:53:12.815 [global-gcp-pubsub-subscriber2] INFO  [,] c.e.o.subscriber.config.PubSubConfig - Received Pub/Sub message: payload length=376, attributes={eventType=ORDER_CREATED, orderId=4dd9fb55-7079-4868-98c4-1c36672292ab, customerId=customer-001, traceId=639e8db4d50fd4dc1ce42e7681f52b15, timestamp=2025-09-15T22:49:59.179147761Z, spanId=8a1f51245d7083a1, source=api-service}
2025-09-15 19:53:12.849 [main] INFO  [,] o.s.b.a.e.web.EndpointLinksResolver - Exposing 10 endpoint(s) beneath base path '/actuator'
2025-09-15 19:53:12.896 [global-gcp-pubsub-subscriber1] INFO  [1451b635f769d6a621923f0102585d14,3103bd2245596feb] c.e.o.s.listener.OrderEventListener - Received order event message: size=376 bytes
2025-09-15 19:53:12.896 [global-gcp-pubsub-subscriber2] INFO  [895e87ccb373cb035b93d883ddc49401,c016e83f06b86a40] c.e.o.s.listener.OrderEventListener - Received order event message: size=376 bytes
2025-09-15 19:53:12.964 [main] INFO  [,] o.s.b.w.e.tomcat.TomcatWebServer - Tomcat started on port 8081 (http) with context path ''
2025-09-15 19:53:12.982 [main] INFO  [,] c.e.o.s.SubscriberServiceApplication - Started SubscriberServiceApplication in 7.941 seconds (process running for 10.664)
2025-09-15 19:53:13.008 [global-gcp-pubsub-subscriber1] INFO  [1451b635f769d6a621923f0102585d14,3103bd2245596feb] c.e.o.s.listener.OrderEventListener - Processing order event: orderId=3b3b2730-d2d1-4304-bac9-a90b782c9f8b, eventType=ORDER_CREATED, customerId=customer-001
2025-09-15 19:53:13.008 [global-gcp-pubsub-subscriber2] INFO  [895e87ccb373cb035b93d883ddc49401,c016e83f06b86a40] c.e.o.s.listener.OrderEventListener - Processing order event: orderId=4dd9fb55-7079-4868-98c4-1c36672292ab, eventType=ORDER_CREATED, customerId=customer-001
2025-09-15 19:53:13.019 [global-gcp-pubsub-subscriber1] INFO  [1451b635f769d6a621923f0102585d14,e3c4114db647c2d1] c.e.o.s.s.OrderProcessingService - Processing order event: orderId=3b3b2730-d2d1-4304-bac9-a90b782c9f8b, eventType=ORDER_CREATED, customerId=customer-001
2025-09-15 19:53:13.019 [global-gcp-pubsub-subscriber2] INFO  [895e87ccb373cb035b93d883ddc49401,c67c91cf319285fc] c.e.o.s.s.OrderProcessingService - Processing order event: orderId=4dd9fb55-7079-4868-98c4-1c36672292ab, eventType=ORDER_CREATED, customerId=customer-001
2025-09-15 19:53:13.119 [global-gcp-pubsub-subscriber2] DEBUG [895e87ccb373cb035b93d883ddc49401,887e16ab26a3038a] org.hibernate.SQL - 
    select
        oe1_0.id,
        oe1_0.created_at,
        oe1_0.customer_id,
        oe1_0.product_name,
        oe1_0.quantity,
        oe1_0.status,
        oe1_0.total_amount,
        oe1_0.unit_price,
        oe1_0.updated_at,
        oe1_0.version 
    from
        orders oe1_0 
    where
        oe1_0.id=?
2025-09-15 19:53:13.119 [global-gcp-pubsub-subscriber1] DEBUG [1451b635f769d6a621923f0102585d14,107b3f2d12945a20] org.hibernate.SQL - 
    select
        oe1_0.id,
        oe1_0.created_at,
        oe1_0.customer_id,
        oe1_0.product_name,
        oe1_0.quantity,
        oe1_0.status,
        oe1_0.total_amount,
        oe1_0.unit_price,
        oe1_0.updated_at,
        oe1_0.version 
    from
        orders oe1_0 
    where
        oe1_0.id=?
2025-09-15 19:53:13.158 [global-gcp-pubsub-subscriber1] WARN  [1451b635f769d6a621923f0102585d14,107b3f2d12945a20] o.h.e.jdbc.spi.SqlExceptionHelper - SQL Error: 0, SQLState: 42703
2025-09-15 19:53:13.158 [global-gcp-pubsub-subscriber2] WARN  [895e87ccb373cb035b93d883ddc49401,887e16ab26a3038a] o.h.e.jdbc.spi.SqlExceptionHelper - SQL Error: 0, SQLState: 42703
2025-09-15 19:53:13.159 [global-gcp-pubsub-subscriber1] ERROR [1451b635f769d6a621923f0102585d14,107b3f2d12945a20] o.h.e.jdbc.spi.SqlExceptionHelper - ERROR: column oe1_0.product_name does not exist
  Position: 52
2025-09-15 19:53:13.159 [global-gcp-pubsub-subscriber2] ERROR [895e87ccb373cb035b93d883ddc49401,887e16ab26a3038a] o.h.e.jdbc.spi.SqlExceptionHelper - ERROR: column oe1_0.product_name does not exist
  Position: 52
2025-09-15 19:53:13.173 [global-gcp-pubsub-subscriber2] ERROR [895e87ccb373cb035b93d883ddc49401,c67c91cf319285fc] c.e.o.s.s.OrderProcessingService - Error processing order event: orderId=4dd9fb55-7079-4868-98c4-1c36672292ab, error=JDBC exception executing SQL [select oe1_0.id,oe1_0.created_at,oe1_0.customer_id,oe1_0.product_name,oe1_0.quantity,oe1_0.status,oe1_0.total_amount,oe1_0.unit_price,oe1_0.updated_at,oe1_0.version from orders oe1_0 where oe1_0.id=?] [ERROR: column oe1_0.product_name does not exist
  Position: 52] [n/a]; SQL [n/a]
org.springframework.dao.InvalidDataAccessResourceUsageException: JDBC exception executing SQL [select oe1_0.id,oe1_0.created_at,oe1_0.customer_id,oe1_0.product_name,oe1_0.quantity,oe1_0.status,oe1_0.total_amount,oe1_0.unit_price,oe1_0.updated_at,oe1_0.version from orders oe1_0 where oe1_0.id=?] [ERROR: column oe1_0.product_name does not exist
  Position: 52] [n/a]; SQL [n/a]
	at org.springframework.orm.jpa.vendor.HibernateJpaDialect.convertHibernateAccessException(HibernateJpaDialect.java:277)
	at org.springframework.orm.jpa.vendor.HibernateJpaDialect.translateExceptionIfPossible(HibernateJpaDialect.java:241)
	at org.springframework.orm.jpa.AbstractEntityManagerFactoryBean.translateExceptionIfPossible(AbstractEntityManagerFactoryBean.java:550)
	at org.springframework.dao.support.ChainedPersistenceExceptionTranslator.translateExceptionIfPossible(ChainedPersistenceExceptionTranslator.java:61)
	at org.springframework.dao.support.DataAccessUtils.translateIfNecessary(DataAccessUtils.java:335)
	at org.springframework.dao.support.PersistenceExceptionTranslationInterceptor.invoke(PersistenceExceptionTranslationInterceptor.java:152)
	at org.springframework.aop.framework.ReflectiveMethodInvocation.proceed(ReflectiveMethodInvocation.java:184)
	at org.springframework.data.jpa.repository.support.CrudMethodMetadataPostProcessor$CrudMethodMetadataPopulatingMethodInterceptor.invoke(CrudMethodMetadataPostProcessor.java:135)
	at org.springframework.aop.framework.ReflectiveMethodInvocation.proceed(ReflectiveMethodInvocation.java:184)
	at org.springframework.aop.interceptor.ExposeInvocationInterceptor.invoke(ExposeInvocationInterceptor.java:97)
	at org.springframework.aop.framework.ReflectiveMethodInvocation.proceed(ReflectiveMethodInvocation.java:184)
	at io.opentelemetry.javaagent.instrumentation.spring.data.v1_8.SpringDataInstrumentationModule$RepositoryInterceptor.invoke(SpringDataInstrumentationModule.java:123)
	at org.springframework.aop.framework.ReflectiveMethodInvocation.proceed(ReflectiveMethodInvocation.java:184)
	at org.springframework.aop.framework.JdkDynamicAopProxy.invoke(JdkDynamicAopProxy.java:220)
	at jdk.proxy3/jdk.proxy3.$Proxy177.findByIdWithVersion(Unknown Source)
	at java.base/jdk.internal.reflect.DirectMethodHandleAccessor.invoke(DirectMethodHandleAccessor.java:103)
	at java.base/java.lang.reflect.Method.invoke(Method.java:580)
	at org.springframework.aop.support.AopUtils.invokeJoinpointUsingReflection(AopUtils.java:351)
	at org.springframework.aop.framework.ReflectiveMethodInvocation.invokeJoinpoint(ReflectiveMethodInvocation.java:196)
	at org.springframework.aop.framework.ReflectiveMethodInvocation.proceed(ReflectiveMethodInvocation.java:163)
	at org.springframework.dao.support.PersistenceExceptionTranslationInterceptor.invoke(PersistenceExceptionTranslationInterceptor.java:137)
	at org.springframework.aop.framework.ReflectiveMethodInvocation.proceed(ReflectiveMethodInvocation.java:184)
	at org.springframework.aop.aspectj.MethodInvocationProceedingJoinPoint.proceed(MethodInvocationProceedingJoinPoint.java:89)
	at io.micrometer.observation.aop.ObservedAspect.lambda$observe$2(ObservedAspect.java:150)
	at io.micrometer.observation.Observation.observeChecked(Observation.java:600)
	at io.micrometer.observation.aop.ObservedAspect.observe(ObservedAspect.java:150)
	at io.micrometer.observation.aop.ObservedAspect.observeClass(ObservedAspect.java:116)
	at java.base/jdk.internal.reflect.DirectMethodHandleAccessor.invoke(DirectMethodHandleAccessor.java:103)
	at java.base/java.lang.reflect.Method.invoke(Method.java:580)
	at org.springframework.aop.aspectj.AbstractAspectJAdvice.invokeAdviceMethodWithGivenArgs(AbstractAspectJAdvice.java:637)
	at org.springframework.aop.aspectj.AbstractAspectJAdvice.invokeAdviceMethod(AbstractAspectJAdvice.java:627)
	at org.springframework.aop.aspectj.AspectJAroundAdvice.invoke(AspectJAroundAdvice.java:71)
	at org.springframework.aop.framework.ReflectiveMethodInvocation.proceed(ReflectiveMethodInvocation.java:173)
	at org.springframework.aop.interceptor.ExposeInvocationInterceptor.invoke(ExposeInvocationInterceptor.java:97)
	at org.springframework.aop.framework.ReflectiveMethodInvocation.proceed(ReflectiveMethodInvocation.java:184)
	at org.springframework.aop.framework.JdkDynamicAopProxy.invoke(JdkDynamicAopProxy.java:220)
	at jdk.proxy3/jdk.proxy3.$Proxy177.findByIdWithVersion(Unknown Source)
	at com.example.observability.subscriber.service.OrderProcessingService.handleOrderCreated(OrderProcessingService.java:123)
	at com.example.observability.subscriber.service.OrderProcessingService.processOrderEvent(OrderProcessingService.java:90)
	at java.base/jdk.internal.reflect.DirectMethodHandleAccessor.invoke(DirectMethodHandleAccessor.java:103)
	at java.base/java.lang.reflect.Method.invoke(Method.java:580)
	at org.springframework.aop.support.AopUtils.invokeJoinpointUsingReflection(AopUtils.java:351)
	at org.springframework.aop.framework.ReflectiveMethodInvocation.invokeJoinpoint(ReflectiveMethodInvocation.java:196)
	at org.springframework.aop.framework.ReflectiveMethodInvocation.proceed(ReflectiveMethodInvocation.java:163)
	at org.springframework.aop.framework.CglibAopProxy$CglibMethodInvocation.proceed(CglibAopProxy.java:765)
	at org.springframework.aop.aspectj.MethodInvocationProceedingJoinPoint.proceed(MethodInvocationProceedingJoinPoint.java:89)
	at io.micrometer.observation.aop.ObservedAspect.lambda$observe$2(ObservedAspect.java:150)
	at io.micrometer.observation.Observation.observeChecked(Observation.java:600)
	at io.micrometer.observation.aop.ObservedAspect.observe(ObservedAspect.java:150)
	at io.micrometer.observation.aop.ObservedAspect.observeMethod(ObservedAspect.java:128)
	at java.base/jdk.internal.reflect.DirectMethodHandleAccessor.invoke(DirectMethodHandleAccessor.java:103)
	at java.base/java.lang.reflect.Method.invoke(Method.java:580)
	at org.springframework.aop.aspectj.AbstractAspectJAdvice.invokeAdviceMethodWithGivenArgs(AbstractAspectJAdvice.java:637)
	at org.springframework.aop.aspectj.AbstractAspectJAdvice.invokeAdviceMethod(AbstractAspectJAdvice.java:627)
	at org.springframework.aop.aspectj.AspectJAroundAdvice.invoke(AspectJAroundAdvice.java:71)
	at org.springframework.aop.framework.ReflectiveMethodInvocation.proceed(ReflectiveMethodInvocation.java:184)
	at org.springframework.aop.framework.CglibAopProxy$CglibMethodInvocation.proceed(CglibAopProxy.java:765)
	at org.springframework.aop.aspectj.MethodInvocationProceedingJoinPoint.proceed(MethodInvocationProceedingJoinPoint.java:89)
	at io.micrometer.observation.aop.ObservedAspect.lambda$observe$2(ObservedAspect.java:150)
	at io.micrometer.observation.Observation.observeChecked(Observation.java:600)
	at io.micrometer.observation.aop.ObservedAspect.observe(ObservedAspect.java:150)
	at io.micrometer.observation.aop.ObservedAspect.observeClass(ObservedAspect.java:116)
	at java.base/jdk.internal.reflect.DirectMethodHandleAccessor.invoke(DirectMethodHandleAccessor.java:103)
	at java.base/java.lang.reflect.Method.invoke(Method.java:580)
	at org.springframework.aop.aspectj.AbstractAspectJAdvice.invokeAdviceMethodWithGivenArgs(AbstractAspectJAdvice.java:637)
	at org.springframework.aop.aspectj.AbstractAspectJAdvice.invokeAdviceMethod(AbstractAspectJAdvice.java:627)
	at org.springframework.aop.aspectj.AspectJAroundAdvice.invoke(AspectJAroundAdvice.java:71)
	at org.springframework.aop.framework.ReflectiveMethodInvocation.proceed(ReflectiveMethodInvocation.java:173)
	at org.springframework.aop.framework.CglibAopProxy$CglibMethodInvocation.proceed(CglibAopProxy.java:765)
	at org.springframework.transaction.interceptor.TransactionInterceptor$1.proceedWithInvocation(TransactionInterceptor.java:123)
	at org.springframework.transaction.interceptor.TransactionAspectSupport.invokeWithinTransaction(TransactionAspectSupport.java:392)
	at org.springframework.transaction.interceptor.TransactionInterceptor.invoke(TransactionInterceptor.java:119)
	at org.springframework.aop.framework.ReflectiveMethodInvocation.proceed(ReflectiveMethodInvocation.java:184)
	at org.springframework.aop.framework.CglibAopProxy$CglibMethodInvocation.proceed(CglibAopProxy.java:765)
	at org.springframework.aop.interceptor.ExposeInvocationInterceptor.invoke(ExposeInvocationInterceptor.java:97)
	at org.springframework.aop.framework.ReflectiveMethodInvocation.proceed(ReflectiveMethodInvocation.java:184)
	at org.springframework.aop.framework.CglibAopProxy$CglibMethodInvocation.proceed(CglibAopProxy.java:765)
	at org.springframework.aop.framework.CglibAopProxy$DynamicAdvisedInterceptor.intercept(CglibAopProxy.java:717)
	at com.example.observability.subscriber.service.OrderProcessingService$$SpringCGLIB$$0.processOrderEvent(<generated>)
	at com.example.observability.subscriber.listener.OrderEventListener.processMessage(OrderEventListener.java:165)
	at com.example.observability.subscriber.listener.OrderEventListener.receiveOrderEvent(OrderEventListener.java:119)
	at java.base/jdk.internal.reflect.DirectMethodHandleAccessor.invoke(DirectMethodHandleAccessor.java:103)
	at java.base/java.lang.reflect.Method.invoke(Method.java:580)
	at org.springframework.aop.support.AopUtils.invokeJoinpointUsingReflection(AopUtils.java:351)
	at org.springframework.aop.framework.ReflectiveMethodInvocation.invokeJoinpoint(ReflectiveMethodInvocation.java:196)
	at org.springframework.aop.framework.ReflectiveMethodInvocation.proceed(ReflectiveMethodInvocation.java:163)
	at org.springframework.aop.framework.CglibAopProxy$CglibMethodInvocation.proceed(CglibAopProxy.java:765)
	at org.springframework.aop.aspectj.MethodInvocationProceedingJoinPoint.proceed(MethodInvocationProceedingJoinPoint.java:89)
	at io.micrometer.observation.aop.ObservedAspect.lambda$observe$2(ObservedAspect.java:150)
	at io.micrometer.observation.Observation.observeChecked(Observation.java:600)
	at io.micrometer.observation.aop.ObservedAspect.observe(ObservedAspect.java:150)
	at io.micrometer.observation.aop.ObservedAspect.observeMethod(ObservedAspect.java:128)
	at java.base/jdk.internal.reflect.DirectMethodHandleAccessor.invoke(DirectMethodHandleAccessor.java:103)
	at java.base/java.lang.reflect.Method.invoke(Method.java:580)
	at org.springframework.aop.aspectj.AbstractAspectJAdvice.invokeAdviceMethodWithGivenArgs(AbstractAspectJAdvice.java:637)
	at org.springframework.aop.aspectj.AbstractAspectJAdvice.invokeAdviceMethod(AbstractAspectJAdvice.java:627)
	at org.springframework.aop.aspectj.AspectJAroundAdvice.invoke(AspectJAroundAdvice.java:71)
	at org.springframework.aop.framework.ReflectiveMethodInvocation.proceed(ReflectiveMethodInvocation.java:184)
	at org.springframework.aop.framework.CglibAopProxy$CglibMethodInvocation.proceed(CglibAopProxy.java:765)
	at org.springframework.aop.aspectj.MethodInvocationProceedingJoinPoint.proceed(MethodInvocationProceedingJoinPoint.java:89)
	at io.micrometer.observation.aop.ObservedAspect.lambda$observe$2(ObservedAspect.java:150)
	at io.micrometer.observation.Observation.observeChecked(Observation.java:600)
	at io.micrometer.observation.aop.ObservedAspect.observe(ObservedAspect.java:150)
	at io.micrometer.observation.aop.ObservedAspect.observeClass(ObservedAspect.java:116)
	at java.base/jdk.internal.reflect.DirectMethodHandleAccessor.invoke(DirectMethodHandleAccessor.java:103)
	at java.base/java.lang.reflect.Method.invoke(Method.java:580)
	at org.springframework.aop.aspectj.AbstractAspectJAdvice.invokeAdviceMethodWithGivenArgs(AbstractAspectJAdvice.java:637)
	at org.springframework.aop.aspectj.AbstractAspectJAdvice.invokeAdviceMethod(AbstractAspectJAdvice.java:627)
	at org.springframework.aop.aspectj.AspectJAroundAdvice.invoke(AspectJAroundAdvice.java:71)
	at org.springframework.aop.framework.ReflectiveMethodInvocation.proceed(ReflectiveMethodInvocation.java:173)
	at org.springframework.aop.framework.CglibAopProxy$CglibMethodInvocation.proceed(CglibAopProxy.java:765)
	at org.springframework.aop.interceptor.ExposeInvocationInterceptor.invoke(ExposeInvocationInterceptor.java:97)
	at org.springframework.aop.framework.ReflectiveMethodInvocation.proceed(ReflectiveMethodInvocation.java:184)
	at org.springframework.aop.framework.CglibAopProxy$CglibMethodInvocation.proceed(CglibAopProxy.java:765)
	at org.springframework.aop.framework.CglibAopProxy$DynamicAdvisedInterceptor.intercept(CglibAopProxy.java:717)
	at com.example.observability.subscriber.listener.OrderEventListener$$SpringCGLIB$$0.receiveOrderEvent(<generated>)
	at com.example.observability.subscriber.config.PubSubConfig.handleMessage(PubSubConfig.java:54)
	at com.google.cloud.spring.pubsub.core.subscriber.PubSubSubscriberTemplate.lambda$subscribe$0(PubSubSubscriberTemplate.java:151)
	at com.google.cloud.pubsub.v1.MessageDispatcher$3.run(MessageDispatcher.java:514)
	at java.base/java.util.concurrent.Executors$RunnableAdapter.call(Executors.java:572)
	at java.base/java.util.concurrent.FutureTask.run(FutureTask.java:317)
	at java.base/java.util.concurrent.ScheduledThreadPoolExecutor$ScheduledFutureTask.run(ScheduledThreadPoolExecutor.java:304)
	at java.base/java.util.concurrent.ThreadPoolExecutor.runWorker(ThreadPoolExecutor.java:1144)
	at java.base/java.util.concurrent.ThreadPoolExecutor$Worker.run(ThreadPoolExecutor.java:642)
	at java.base/java.lang.Thread.run(Thread.java:1583)
Caused by: org.hibernate.exception.SQLGrammarException: JDBC exception executing SQL [select oe1_0.id,oe1_0.created_at,oe1_0.customer_id,oe1_0.product_name,oe1_0.quantity,oe1_0.status,oe1_0.total_amount,oe1_0.unit_price,oe1_0.updated_at,oe1_0.version from orders oe1_0 where oe1_0.id=?] [ERROR: column oe1_0.product_name does not exist
  Position: 52] [n/a]
	at org.hibernate.exception.internal.SQLStateConversionDelegate.convert(SQLStateConversionDelegate.java:91)
	at org.hibernate.exception.internal.StandardSQLExceptionConverter.convert(StandardSQLExceptionConverter.java:58)
	at org.hibernate.engine.jdbc.spi.SqlExceptionHelper.convert(SqlExceptionHelper.java:108)
	at org.hibernate.engine.jdbc.spi.SqlExceptionHelper.convert(SqlExceptionHelper.java:94)
	at org.hibernate.sql.results.jdbc.internal.DeferredResultSetAccess.executeQuery(DeferredResultSetAccess.java:265)
	at org.hibernate.sql.results.jdbc.internal.DeferredResultSetAccess.getResultSet(DeferredResultSetAccess.java:167)
	at org.hibernate.sql.results.jdbc.internal.JdbcValuesResultSetImpl.advanceNext(JdbcValuesResultSetImpl.java:218)
	at org.hibernate.sql.results.jdbc.internal.JdbcValuesResultSetImpl.processNext(JdbcValuesResultSetImpl.java:98)
	at org.hibernate.sql.results.jdbc.internal.AbstractJdbcValues.next(AbstractJdbcValues.java:19)
	at org.hibernate.sql.results.internal.RowProcessingStateStandardImpl.next(RowProcessingStateStandardImpl.java:66)
	at org.hibernate.sql.results.spi.ListResultsConsumer.consume(ListResultsConsumer.java:202)
	at org.hibernate.sql.results.spi.ListResultsConsumer.consume(ListResultsConsumer.java:33)
	at org.hibernate.sql.exec.internal.JdbcSelectExecutorStandardImpl.doExecuteQuery(JdbcSelectExecutorStandardImpl.java:209)
	at org.hibernate.sql.exec.internal.JdbcSelectExecutorStandardImpl.executeQuery(JdbcSelectExecutorStandardImpl.java:83)
	at org.hibernate.sql.exec.spi.JdbcSelectExecutor.list(JdbcSelectExecutor.java:76)
	at org.hibernate.sql.exec.spi.JdbcSelectExecutor.list(JdbcSelectExecutor.java:65)
	at org.hibernate.query.sqm.internal.ConcreteSqmSelectQueryPlan.lambda$new$2(ConcreteSqmSelectQueryPlan.java:137)
	at org.hibernate.query.sqm.internal.ConcreteSqmSelectQueryPlan.withCacheableSqmInterpretation(ConcreteSqmSelectQueryPlan.java:362)
	at org.hibernate.query.sqm.internal.ConcreteSqmSelectQueryPlan.performList(ConcreteSqmSelectQueryPlan.java:303)
	at org.hibernate.query.sqm.internal.QuerySqmImpl.doList(QuerySqmImpl.java:509)
	at org.hibernate.query.spi.AbstractSelectionQuery.list(AbstractSelectionQuery.java:427)
	at org.hibernate.query.spi.AbstractSelectionQuery.getSingleResult(AbstractSelectionQuery.java:564)
	at org.springframework.data.jpa.repository.query.JpaQueryExecution$SingleEntityExecution.doExecute(JpaQueryExecution.java:223)
	at org.springframework.data.jpa.repository.query.JpaQueryExecution.execute(JpaQueryExecution.java:92)
	at org.springframework.data.jpa.repository.query.AbstractJpaQuery.doExecute(AbstractJpaQuery.java:149)
	at org.springframework.data.jpa.repository.query.AbstractJpaQuery.execute(AbstractJpaQuery.java:137)
	at org.springframework.data.repository.core.support.RepositoryMethodInvoker.doInvoke(RepositoryMethodInvoker.java:170)
	at org.springframework.data.repository.core.support.RepositoryMethodInvoker.invoke(RepositoryMethodInvoker.java:158)
	at org.springframework.data.repository.core.support.QueryExecutorMethodInterceptor.doInvoke(QueryExecutorMethodInterceptor.java:164)
	at org.springframework.data.repository.core.support.QueryExecutorMethodInterceptor.invoke(QueryExecutorMethodInterceptor.java:143)
	at org.springframework.aop.framework.ReflectiveMethodInvocation.proceed(ReflectiveMethodInvocation.java:184)
	at org.springframework.data.projection.DefaultMethodInvokingMethodInterceptor.invoke(DefaultMethodInvokingMethodInterceptor.java:70)
	at org.springframework.aop.framework.ReflectiveMethodInvocation.proceed(ReflectiveMethodInvocation.java:184)
	at org.springframework.transaction.interceptor.TransactionInterceptor$1.proceedWithInvocation(TransactionInterceptor.java:123)
	at org.springframework.transaction.interceptor.TransactionAspectSupport.invokeWithinTransaction(TransactionAspectSupport.java:392)
	at org.springframework.transaction.interceptor.TransactionInterceptor.invoke(TransactionInterceptor.java:119)
	at org.springframework.aop.framework.ReflectiveMethodInvocation.proceed(ReflectiveMethodInvocation.java:184)
	at org.springframework.dao.support.PersistenceExceptionTranslationInterceptor.invoke(PersistenceExceptionTranslationInterceptor.java:137)
	... 119 common frames omitted
Caused by: org.postgresql.util.PSQLException: ERROR: column oe1_0.product_name does not exist
  Position: 52
	at org.postgresql.core.v3.QueryExecutorImpl.receiveErrorResponse(QueryExecutorImpl.java:2713)
	at org.postgresql.core.v3.QueryExecutorImpl.processResults(QueryExecutorImpl.java:2401)
	at org.postgresql.core.v3.QueryExecutorImpl.execute(QueryExecutorImpl.java:368)
	at org.postgresql.jdbc.PgStatement.executeInternal(PgStatement.java:498)
	at org.postgresql.jdbc.PgStatement.execute(PgStatement.java:415)
	at org.postgresql.jdbc.PgPreparedStatement.executeWithFlags(PgPreparedStatement.java:190)
	at org.postgresql.jdbc.PgPreparedStatement.executeQuery(PgPreparedStatement.java:134)
	at com.zaxxer.hikari.pool.ProxyPreparedStatement.executeQuery(ProxyPreparedStatement.java:52)
	at com.zaxxer.hikari.pool.HikariProxyPreparedStatement.executeQuery(HikariProxyPreparedStatement.java)
	at org.hibernate.sql.results.jdbc.internal.DeferredResultSetAccess.executeQuery(DeferredResultSetAccess.java:246)
	... 152 common frames omitted
2025-09-15 19:53:13.173 [global-gcp-pubsub-subscriber1] ERROR [1451b635f769d6a621923f0102585d14,e3c4114db647c2d1] c.e.o.s.s.OrderProcessingService - Error processing order event: orderId=3b3b2730-d2d1-4304-bac9-a90b782c9f8b, error=JDBC exception executing SQL [select oe1_0.id,oe1_0.created_at,oe1_0.customer_id,oe1_0.product_name,oe1_0.quantity,oe1_0.status,oe1_0.total_amount,oe1_0.unit_price,oe1_0.updated_at,oe1_0.version from orders oe1_0 where oe1_0.id=?] [ERROR: column oe1_0.product_name does not exist
  Position: 52] [n/a]; SQL [n/a]
org.springframework.dao.InvalidDataAccessResourceUsageException: JDBC exception executing SQL [select oe1_0.id,oe1_0.created_at,oe1_0.customer_id,oe1_0.product_name,oe1_0.quantity,oe1_0.status,oe1_0.total_amount,oe1_0.unit_price,oe1_0.updated_at,oe1_0.version from orders oe1_0 where oe1_0.id=?] [ERROR: column oe1_0.product_name does not exist
  Position: 52] [n/a]; SQL [n/a]
	at org.springframework.orm.jpa.vendor.HibernateJpaDialect.convertHibernateAccessException(HibernateJpaDialect.java:277)
	at org.springframework.orm.jpa.vendor.HibernateJpaDialect.translateExceptionIfPossible(HibernateJpaDialect.java:241)
	at org.springframework.orm.jpa.AbstractEntityManagerFactoryBean.translateExceptionIfPossible(AbstractEntityManagerFactoryBean.java:550)
	at org.springframework.dao.support.ChainedPersistenceExceptionTranslator.translateExceptionIfPossible(ChainedPersistenceExceptionTranslator.java:61)
	at org.springframework.dao.support.DataAccessUtils.translateIfNecessary(DataAccessUtils.java:335)
	at org.springframework.dao.support.PersistenceExceptionTranslationInterceptor.invoke(PersistenceExceptionTranslationInterceptor.java:152)
	at org.springframework.aop.framework.ReflectiveMethodInvocation.proceed(ReflectiveMethodInvocation.java:184)
	at org.springframework.data.jpa.repository.support.CrudMethodMetadataPostProcessor$CrudMethodMetadataPopulatingMethodInterceptor.invoke(CrudMethodMetadataPostProcessor.java:135)
	at org.springframework.aop.framework.ReflectiveMethodInvocation.proceed(ReflectiveMethodInvocation.java:184)
	at org.springframework.aop.interceptor.ExposeInvocationInterceptor.invoke(ExposeInvocationInterceptor.java:97)
	at org.springframework.aop.framework.ReflectiveMethodInvocation.proceed(ReflectiveMethodInvocation.java:184)
	at io.opentelemetry.javaagent.instrumentation.spring.data.v1_8.SpringDataInstrumentationModule$RepositoryInterceptor.invoke(SpringDataInstrumentationModule.java:123)
	at org.springframework.aop.framework.ReflectiveMethodInvocation.proceed(ReflectiveMethodInvocation.java:184)
	at org.springframework.aop.framework.JdkDynamicAopProxy.invoke(JdkDynamicAopProxy.java:220)
	at jdk.proxy3/jdk.proxy3.$Proxy177.findByIdWithVersion(Unknown Source)
	at java.base/jdk.internal.reflect.DirectMethodHandleAccessor.invoke(DirectMethodHandleAccessor.java:103)
	at java.base/java.lang.reflect.Method.invoke(Method.java:580)
	at org.springframework.aop.support.AopUtils.invokeJoinpointUsingReflection(AopUtils.java:351)
	at org.springframework.aop.framework.ReflectiveMethodInvocation.invokeJoinpoint(ReflectiveMethodInvocation.java:196)
	at org.springframework.aop.framework.ReflectiveMethodInvocation.proceed(ReflectiveMethodInvocation.java:163)
	at org.springframework.dao.support.PersistenceExceptionTranslationInterceptor.invoke(PersistenceExceptionTranslationInterceptor.java:137)
	at org.springframework.aop.framework.ReflectiveMethodInvocation.proceed(ReflectiveMethodInvocation.java:184)
	at org.springframework.aop.aspectj.MethodInvocationProceedingJoinPoint.proceed(MethodInvocationProceedingJoinPoint.java:89)
	at io.micrometer.observation.aop.ObservedAspect.lambda$observe$2(ObservedAspect.java:150)
	at io.micrometer.observation.Observation.observeChecked(Observation.java:600)
	at io.micrometer.observation.aop.ObservedAspect.observe(ObservedAspect.java:150)
	at io.micrometer.observation.aop.ObservedAspect.observeClass(ObservedAspect.java:116)
	at java.base/jdk.internal.reflect.DirectMethodHandleAccessor.invoke(DirectMethodHandleAccessor.java:103)
	at java.base/java.lang.reflect.Method.invoke(Method.java:580)
	at org.springframework.aop.aspectj.AbstractAspectJAdvice.invokeAdviceMethodWithGivenArgs(AbstractAspectJAdvice.java:637)
	at org.springframework.aop.aspectj.AbstractAspectJAdvice.invokeAdviceMethod(AbstractAspectJAdvice.java:627)
	at org.springframework.aop.aspectj.AspectJAroundAdvice.invoke(AspectJAroundAdvice.java:71)
	at org.springframework.aop.framework.ReflectiveMethodInvocation.proceed(ReflectiveMethodInvocation.java:173)
	at org.springframework.aop.interceptor.ExposeInvocationInterceptor.invoke(ExposeInvocationInterceptor.java:97)
	at org.springframework.aop.framework.ReflectiveMethodInvocation.proceed(ReflectiveMethodInvocation.java:184)
	at org.springframework.aop.framework.JdkDynamicAopProxy.invoke(JdkDynamicAopProxy.java:220)
	at jdk.proxy3/jdk.proxy3.$Proxy177.findByIdWithVersion(Unknown Source)
	at com.example.observability.subscriber.service.OrderProcessingService.handleOrderCreated(OrderProcessingService.java:123)
	at com.example.observability.subscriber.service.OrderProcessingService.processOrderEvent(OrderProcessingService.java:90)
	at java.base/jdk.internal.reflect.DirectMethodHandleAccessor.invoke(DirectMethodHandleAccessor.java:103)
	at java.base/java.lang.reflect.Method.invoke(Method.java:580)
	at org.springframework.aop.support.AopUtils.invokeJoinpointUsingReflection(AopUtils.java:351)
	at org.springframework.aop.framework.ReflectiveMethodInvocation.invokeJoinpoint(ReflectiveMethodInvocation.java:196)
	at org.springframework.aop.framework.ReflectiveMethodInvocation.proceed(ReflectiveMethodInvocation.java:163)
	at org.springframework.aop.framework.CglibAopProxy$CglibMethodInvocation.proceed(CglibAopProxy.java:765)
	at org.springframework.aop.aspectj.MethodInvocationProceedingJoinPoint.proceed(MethodInvocationProceedingJoinPoint.java:89)
	at io.micrometer.observation.aop.ObservedAspect.lambda$observe$2(ObservedAspect.java:150)
	at io.micrometer.observation.Observation.observeChecked(Observation.java:600)
	at io.micrometer.observation.aop.ObservedAspect.observe(ObservedAspect.java:150)
	at io.micrometer.observation.aop.ObservedAspect.observeMethod(ObservedAspect.java:128)
	at java.base/jdk.internal.reflect.DirectMethodHandleAccessor.invoke(DirectMethodHandleAccessor.java:103)
	at java.base/java.lang.reflect.Method.invoke(Method.java:580)
	at org.springframework.aop.aspectj.AbstractAspectJAdvice.invokeAdviceMethodWithGivenArgs(AbstractAspectJAdvice.java:637)
	at org.springframework.aop.aspectj.AbstractAspectJAdvice.invokeAdviceMethod(AbstractAspectJAdvice.java:627)
	at org.springframework.aop.aspectj.AspectJAroundAdvice.invoke(AspectJAroundAdvice.java:71)
	at org.springframework.aop.framework.ReflectiveMethodInvocation.proceed(ReflectiveMethodInvocation.java:184)
	at org.springframework.aop.framework.CglibAopProxy$CglibMethodInvocation.proceed(CglibAopProxy.java:765)
	at org.springframework.aop.aspectj.MethodInvocationProceedingJoinPoint.proceed(MethodInvocationProceedingJoinPoint.java:89)
	at io.micrometer.observation.aop.ObservedAspect.lambda$observe$2(ObservedAspect.java:150)
	at io.micrometer.observation.Observation.observeChecked(Observation.java:600)
	at io.micrometer.observation.aop.ObservedAspect.observe(ObservedAspect.java:150)
	at io.micrometer.observation.aop.ObservedAspect.observeClass(ObservedAspect.java:116)
	at java.base/jdk.internal.reflect.DirectMethodHandleAccessor.invoke(DirectMethodHandleAccessor.java:103)
	at java.base/java.lang.reflect.Method.invoke(Method.java:580)
	at org.springframework.aop.aspectj.AbstractAspectJAdvice.invokeAdviceMethodWithGivenArgs(AbstractAspectJAdvice.java:637)
	at org.springframework.aop.aspectj.AbstractAspectJAdvice.invokeAdviceMethod(AbstractAspectJAdvice.java:627)
	at org.springframework.aop.aspectj.AspectJAroundAdvice.invoke(AspectJAroundAdvice.java:71)
	at org.springframework.aop.framework.ReflectiveMethodInvocation.proceed(ReflectiveMethodInvocation.java:173)
	at org.springframework.aop.framework.CglibAopProxy$CglibMethodInvocation.proceed(CglibAopProxy.java:765)
	at org.springframework.transaction.interceptor.TransactionInterceptor$1.proceedWithInvocation(TransactionInterceptor.java:123)
	at org.springframework.transaction.interceptor.TransactionAspectSupport.invokeWithinTransaction(TransactionAspectSupport.java:392)
	at org.springframework.transaction.interceptor.TransactionInterceptor.invoke(TransactionInterceptor.java:119)
	at org.springframework.aop.framework.ReflectiveMethodInvocation.proceed(ReflectiveMethodInvocation.java:184)
	at org.springframework.aop.framework.CglibAopProxy$CglibMethodInvocation.proceed(CglibAopProxy.java:765)
	at org.springframework.aop.interceptor.ExposeInvocationInterceptor.invoke(ExposeInvocationInterceptor.java:97)
	at org.springframework.aop.framework.ReflectiveMethodInvocation.proceed(ReflectiveMethodInvocation.java:184)
	at org.springframework.aop.framework.CglibAopProxy$CglibMethodInvocation.proceed(CglibAopProxy.java:765)
	at org.springframework.aop.framework.CglibAopProxy$DynamicAdvisedInterceptor.intercept(CglibAopProxy.java:717)
	at com.example.observability.subscriber.service.OrderProcessingService$$SpringCGLIB$$0.processOrderEvent(<generated>)
	at com.example.observability.subscriber.listener.OrderEventListener.processMessage(OrderEventListener.java:165)
	at com.example.observability.subscriber.listener.OrderEventListener.receiveOrderEvent(OrderEventListener.java:119)
	at java.base/jdk.internal.reflect.DirectMethodHandleAccessor.invoke(DirectMethodHandleAccessor.java:103)
	at java.base/java.lang.reflect.Method.invoke(Method.java:580)
	at org.springframework.aop.support.AopUtils.invokeJoinpointUsingReflection(AopUtils.java:351)
	at org.springframework.aop.framework.ReflectiveMethodInvocation.invokeJoinpoint(ReflectiveMethodInvocation.java:196)
	at org.springframework.aop.framework.ReflectiveMethodInvocation.proceed(ReflectiveMethodInvocation.java:163)
	at org.springframework.aop.framework.CglibAopProxy$CglibMethodInvocation.proceed(CglibAopProxy.java:765)
	at org.springframework.aop.aspectj.MethodInvocationProceedingJoinPoint.proceed(MethodInvocationProceedingJoinPoint.java:89)
	at io.micrometer.observation.aop.ObservedAspect.lambda$observe$2(ObservedAspect.java:150)
	at io.micrometer.observation.Observation.observeChecked(Observation.java:600)
	at io.micrometer.observation.aop.ObservedAspect.observe(ObservedAspect.java:150)
	at io.micrometer.observation.aop.ObservedAspect.observeMethod(ObservedAspect.java:128)
	at java.base/jdk.internal.reflect.DirectMethodHandleAccessor.invoke(DirectMethodHandleAccessor.java:103)
	at java.base/java.lang.reflect.Method.invoke(Method.java:580)
	at org.springframework.aop.aspectj.AbstractAspectJAdvice.invokeAdviceMethodWithGivenArgs(AbstractAspectJAdvice.java:637)
	at org.springframework.aop.aspectj.AbstractAspectJAdvice.invokeAdviceMethod(AbstractAspectJAdvice.java:627)
	at org.springframework.aop.aspectj.AspectJAroundAdvice.invoke(AspectJAroundAdvice.java:71)
	at org.springframework.aop.framework.ReflectiveMethodInvocation.proceed(ReflectiveMethodInvocation.java:184)
	at org.springframework.aop.framework.CglibAopProxy$CglibMethodInvocation.proceed(CglibAopProxy.java:765)
	at org.springframework.aop.aspectj.MethodInvocationProceedingJoinPoint.proceed(MethodInvocationProceedingJoinPoint.java:89)
	at io.micrometer.observation.aop.ObservedAspect.lambda$observe$2(ObservedAspect.java:150)
	at io.micrometer.observation.Observation.observeChecked(Observation.java:600)
	at io.micrometer.observation.aop.ObservedAspect.observe(ObservedAspect.java:150)
	at io.micrometer.observation.aop.ObservedAspect.observeClass(ObservedAspect.java:116)
	at java.base/jdk.internal.reflect.DirectMethodHandleAccessor.invoke(DirectMethodHandleAccessor.java:103)
	at java.base/java.lang.reflect.Method.invoke(Method.java:580)
	at org.springframework.aop.aspectj.AbstractAspectJAdvice.invokeAdviceMethodWithGivenArgs(AbstractAspectJAdvice.java:637)
	at org.springframework.aop.aspectj.AbstractAspectJAdvice.invokeAdviceMethod(AbstractAspectJAdvice.java:627)
	at org.springframework.aop.aspectj.AspectJAroundAdvice.invoke(AspectJAroundAdvice.java:71)
	at org.springframework.aop.framework.ReflectiveMethodInvocation.proceed(ReflectiveMethodInvocation.java:173)
	at org.springframework.aop.framework.CglibAopProxy$CglibMethodInvocation.proceed(CglibAopProxy.java:765)
	at org.springframework.aop.interceptor.ExposeInvocationInterceptor.invoke(ExposeInvocationInterceptor.java:97)
	at org.springframework.aop.framework.ReflectiveMethodInvocation.proceed(ReflectiveMethodInvocation.java:184)
	at org.springframework.aop.framework.CglibAopProxy$CglibMethodInvocation.proceed(CglibAopProxy.java:765)
	at org.springframework.aop.framework.CglibAopProxy$DynamicAdvisedInterceptor.intercept(CglibAopProxy.java:717)
	at com.example.observability.subscriber.listener.OrderEventListener$$SpringCGLIB$$0.receiveOrderEvent(<generated>)
	at com.example.observability.subscriber.config.PubSubConfig.handleMessage(PubSubConfig.java:54)
	at com.google.cloud.spring.pubsub.core.subscriber.PubSubSubscriberTemplate.lambda$subscribe$0(PubSubSubscriberTemplate.java:151)
	at com.google.cloud.pubsub.v1.MessageDispatcher$3.run(MessageDispatcher.java:514)
	at java.base/java.util.concurrent.Executors$RunnableAdapter.call(Executors.java:572)
	at java.base/java.util.concurrent.FutureTask.run(FutureTask.java:317)
	at java.base/java.util.concurrent.ScheduledThreadPoolExecutor$ScheduledFutureTask.run(ScheduledThreadPoolExecutor.java:304)
	at java.base/java.util.concurrent.ThreadPoolExecutor.runWorker(ThreadPoolExecutor.java:1144)
	at java.base/java.util.concurrent.ThreadPoolExecutor$Worker.run(ThreadPoolExecutor.java:642)
	at java.base/java.lang.Thread.run(Thread.java:1583)
Caused by: org.hibernate.exception.SQLGrammarException: JDBC exception executing SQL [select oe1_0.id,oe1_0.created_at,oe1_0.customer_id,oe1_0.product_name,oe1_0.quantity,oe1_0.status,oe1_0.total_amount,oe1_0.unit_price,oe1_0.updated_at,oe1_0.version from orders oe1_0 where oe1_0.id=?] [ERROR: column oe1_0.product_name does not exist
  Position: 52] [n/a]
	at org.hibernate.exception.internal.SQLStateConversionDelegate.convert(SQLStateConversionDelegate.java:91)
	at org.hibernate.exception.internal.StandardSQLExceptionConverter.convert(StandardSQLExceptionConverter.java:58)
	at org.hibernate.engine.jdbc.spi.SqlExceptionHelper.convert(SqlExceptionHelper.java:108)
	at org.hibernate.engine.jdbc.spi.SqlExceptionHelper.convert(SqlExceptionHelper.java:94)
	at org.hibernate.sql.results.jdbc.internal.DeferredResultSetAccess.executeQuery(DeferredResultSetAccess.java:265)
	at org.hibernate.sql.results.jdbc.internal.DeferredResultSetAccess.getResultSet(DeferredResultSetAccess.java:167)
	at org.hibernate.sql.results.jdbc.internal.JdbcValuesResultSetImpl.advanceNext(JdbcValuesResultSetImpl.java:218)
	at org.hibernate.sql.results.jdbc.internal.JdbcValuesResultSetImpl.processNext(JdbcValuesResultSetImpl.java:98)
	at org.hibernate.sql.results.jdbc.internal.AbstractJdbcValues.next(AbstractJdbcValues.java:19)
	at org.hibernate.sql.results.internal.RowProcessingStateStandardImpl.next(RowProcessingStateStandardImpl.java:66)
	at org.hibernate.sql.results.spi.ListResultsConsumer.consume(ListResultsConsumer.java:202)
	at org.hibernate.sql.results.spi.ListResultsConsumer.consume(ListResultsConsumer.java:33)
	at org.hibernate.sql.exec.internal.JdbcSelectExecutorStandardImpl.doExecuteQuery(JdbcSelectExecutorStandardImpl.java:209)
	at org.hibernate.sql.exec.internal.JdbcSelectExecutorStandardImpl.executeQuery(JdbcSelectExecutorStandardImpl.java:83)
	at org.hibernate.sql.exec.spi.JdbcSelectExecutor.list(JdbcSelectExecutor.java:76)
	at org.hibernate.sql.exec.spi.JdbcSelectExecutor.list(JdbcSelectExecutor.java:65)
	at org.hibernate.query.sqm.internal.ConcreteSqmSelectQueryPlan.lambda$new$2(ConcreteSqmSelectQueryPlan.java:137)
	at org.hibernate.query.sqm.internal.ConcreteSqmSelectQueryPlan.withCacheableSqmInterpretation(ConcreteSqmSelectQueryPlan.java:362)
	at org.hibernate.query.sqm.internal.ConcreteSqmSelectQueryPlan.performList(ConcreteSqmSelectQueryPlan.java:303)
	at org.hibernate.query.sqm.internal.QuerySqmImpl.doList(QuerySqmImpl.java:509)
	at org.hibernate.query.spi.AbstractSelectionQuery.list(AbstractSelectionQuery.java:427)
	at org.hibernate.query.spi.AbstractSelectionQuery.getSingleResult(AbstractSelectionQuery.java:564)
	at org.springframework.data.jpa.repository.query.JpaQueryExecution$SingleEntityExecution.doExecute(JpaQueryExecution.java:223)
	at org.springframework.data.jpa.repository.query.JpaQueryExecution.execute(JpaQueryExecution.java:92)
	at org.springframework.data.jpa.repository.query.AbstractJpaQuery.doExecute(AbstractJpaQuery.java:149)
	at org.springframework.data.jpa.repository.query.AbstractJpaQuery.execute(AbstractJpaQuery.java:137)
	at org.springframework.data.repository.core.support.RepositoryMethodInvoker.doInvoke(RepositoryMethodInvoker.java:170)
	at org.springframework.data.repository.core.support.RepositoryMethodInvoker.invoke(RepositoryMethodInvoker.java:158)
	at org.springframework.data.repository.core.support.QueryExecutorMethodInterceptor.doInvoke(QueryExecutorMethodInterceptor.java:164)
	at org.springframework.data.repository.core.support.QueryExecutorMethodInterceptor.invoke(QueryExecutorMethodInterceptor.java:143)
	at org.springframework.aop.framework.ReflectiveMethodInvocation.proceed(ReflectiveMethodInvocation.java:184)
	at org.springframework.data.projection.DefaultMethodInvokingMethodInterceptor.invoke(DefaultMethodInvokingMethodInterceptor.java:70)
	at org.springframework.aop.framework.ReflectiveMethodInvocation.proceed(ReflectiveMethodInvocation.java:184)
	at org.springframework.transaction.interceptor.TransactionInterceptor$1.proceedWithInvocation(TransactionInterceptor.java:123)
	at org.springframework.transaction.interceptor.TransactionAspectSupport.invokeWithinTransaction(TransactionAspectSupport.java:392)
	at org.springframework.transaction.interceptor.TransactionInterceptor.invoke(TransactionInterceptor.java:119)
	at org.springframework.aop.framework.ReflectiveMethodInvocation.proceed(ReflectiveMethodInvocation.java:184)
	at org.springframework.dao.support.PersistenceExceptionTranslationInterceptor.invoke(PersistenceExceptionTranslationInterceptor.java:137)
	... 119 common frames omitted
Caused by: org.postgresql.util.PSQLException: ERROR: column oe1_0.product_name does not exist
  Position: 52
	at org.postgresql.core.v3.QueryExecutorImpl.receiveErrorResponse(QueryExecutorImpl.java:2713)
	at org.postgresql.core.v3.QueryExecutorImpl.processResults(QueryExecutorImpl.java:2401)
	at org.postgresql.core.v3.QueryExecutorImpl.execute(QueryExecutorImpl.java:368)
	at org.postgresql.jdbc.PgStatement.executeInternal(PgStatement.java:498)
	at org.postgresql.jdbc.PgStatement.execute(PgStatement.java:415)
	at org.postgresql.jdbc.PgPreparedStatement.executeWithFlags(PgPreparedStatement.java:190)
	at org.postgresql.jdbc.PgPreparedStatement.executeQuery(PgPreparedStatement.java:134)
	at com.zaxxer.hikari.pool.ProxyPreparedStatement.executeQuery(ProxyPreparedStatement.java:52)
	at com.zaxxer.hikari.pool.HikariProxyPreparedStatement.executeQuery(HikariProxyPreparedStatement.java)
	at org.hibernate.sql.results.jdbc.internal.DeferredResultSetAccess.executeQuery(DeferredResultSetAccess.java:246)
	... 152 common frames omitted
2025-09-15 19:53:13.180 [global-gcp-pubsub-subscriber1] ERROR [1451b635f769d6a621923f0102585d14,80c5204607950619] c.e.o.s.listener.OrderEventListener - Error processing order event message: error=Unable to rollback against JDBC Connection
org.springframework.orm.jpa.JpaSystemException: Unable to rollback against JDBC Connection
	at org.springframework.orm.jpa.vendor.HibernateJpaDialect.convertHibernateAccessException(HibernateJpaDialect.java:341)
	at org.springframework.orm.jpa.vendor.HibernateJpaDialect.translateExceptionIfPossible(HibernateJpaDialect.java:241)
	at org.springframework.orm.jpa.JpaTransactionManager.doCommit(JpaTransactionManager.java:565)
	at org.springframework.transaction.support.AbstractPlatformTransactionManager.processCommit(AbstractPlatformTransactionManager.java:794)
	at org.springframework.transaction.support.AbstractPlatformTransactionManager.commit(AbstractPlatformTransactionManager.java:757)
	at org.springframework.transaction.interceptor.TransactionAspectSupport.commitTransactionAfterReturning(TransactionAspectSupport.java:676)
	at org.springframework.transaction.interceptor.TransactionAspectSupport.invokeWithinTransaction(TransactionAspectSupport.java:426)
	at org.springframework.transaction.interceptor.TransactionInterceptor.invoke(TransactionInterceptor.java:119)
	at org.springframework.aop.framework.ReflectiveMethodInvocation.proceed(ReflectiveMethodInvocation.java:184)
	at org.springframework.aop.framework.CglibAopProxy$CglibMethodInvocation.proceed(CglibAopProxy.java:765)
	at org.springframework.aop.interceptor.ExposeInvocationInterceptor.invoke(ExposeInvocationInterceptor.java:97)
	at org.springframework.aop.framework.ReflectiveMethodInvocation.proceed(ReflectiveMethodInvocation.java:184)
	at org.springframework.aop.framework.CglibAopProxy$CglibMethodInvocation.proceed(CglibAopProxy.java:765)
	at org.springframework.aop.framework.CglibAopProxy$DynamicAdvisedInterceptor.intercept(CglibAopProxy.java:717)
	at com.example.observability.subscriber.service.OrderProcessingService$$SpringCGLIB$$0.processOrderEvent(<generated>)
	at com.example.observability.subscriber.listener.OrderEventListener.processMessage(OrderEventListener.java:165)
	at com.example.observability.subscriber.listener.OrderEventListener.receiveOrderEvent(OrderEventListener.java:119)
	at java.base/jdk.internal.reflect.DirectMethodHandleAccessor.invoke(DirectMethodHandleAccessor.java:103)
	at java.base/java.lang.reflect.Method.invoke(Method.java:580)
	at org.springframework.aop.support.AopUtils.invokeJoinpointUsingReflection(AopUtils.java:351)
	at org.springframework.aop.framework.ReflectiveMethodInvocation.invokeJoinpoint(ReflectiveMethodInvocation.java:196)
	at org.springframework.aop.framework.ReflectiveMethodInvocation.proceed(ReflectiveMethodInvocation.java:163)
	at org.springframework.aop.framework.CglibAopProxy$CglibMethodInvocation.proceed(CglibAopProxy.java:765)
	at org.springframework.aop.aspectj.MethodInvocationProceedingJoinPoint.proceed(MethodInvocationProceedingJoinPoint.java:89)
	at io.micrometer.observation.aop.ObservedAspect.lambda$observe$2(ObservedAspect.java:150)
	at io.micrometer.observation.Observation.observeChecked(Observation.java:600)
	at io.micrometer.observation.aop.ObservedAspect.observe(ObservedAspect.java:150)
	at io.micrometer.observation.aop.ObservedAspect.observeMethod(ObservedAspect.java:128)
	at java.base/jdk.internal.reflect.DirectMethodHandleAccessor.invoke(DirectMethodHandleAccessor.java:103)
	at java.base/java.lang.reflect.Method.invoke(Method.java:580)
	at org.springframework.aop.aspectj.AbstractAspectJAdvice.invokeAdviceMethodWithGivenArgs(AbstractAspectJAdvice.java:637)
	at org.springframework.aop.aspectj.AbstractAspectJAdvice.invokeAdviceMethod(AbstractAspectJAdvice.java:627)
	at org.springframework.aop.aspectj.AspectJAroundAdvice.invoke(AspectJAroundAdvice.java:71)
	at org.springframework.aop.framework.ReflectiveMethodInvocation.proceed(ReflectiveMethodInvocation.java:184)
	at org.springframework.aop.framework.CglibAopProxy$CglibMethodInvocation.proceed(CglibAopProxy.java:765)
	at org.springframework.aop.aspectj.MethodInvocationProceedingJoinPoint.proceed(MethodInvocationProceedingJoinPoint.java:89)
	at io.micrometer.observation.aop.ObservedAspect.lambda$observe$2(ObservedAspect.java:150)
	at io.micrometer.observation.Observation.observeChecked(Observation.java:600)
	at io.micrometer.observation.aop.ObservedAspect.observe(ObservedAspect.java:150)
	at io.micrometer.observation.aop.ObservedAspect.observeClass(ObservedAspect.java:116)
	at java.base/jdk.internal.reflect.DirectMethodHandleAccessor.invoke(DirectMethodHandleAccessor.java:103)
	at java.base/java.lang.reflect.Method.invoke(Method.java:580)
	at org.springframework.aop.aspectj.AbstractAspectJAdvice.invokeAdviceMethodWithGivenArgs(AbstractAspectJAdvice.java:637)
	at org.springframework.aop.aspectj.AbstractAspectJAdvice.invokeAdviceMethod(AbstractAspectJAdvice.java:627)
	at org.springframework.aop.aspectj.AspectJAroundAdvice.invoke(AspectJAroundAdvice.java:71)
	at org.springframework.aop.framework.ReflectiveMethodInvocation.proceed(ReflectiveMethodInvocation.java:173)
	at org.springframework.aop.framework.CglibAopProxy$CglibMethodInvocation.proceed(CglibAopProxy.java:765)
	at org.springframework.aop.interceptor.ExposeInvocationInterceptor.invoke(ExposeInvocationInterceptor.java:97)
	at org.springframework.aop.framework.ReflectiveMethodInvocation.proceed(ReflectiveMethodInvocation.java:184)
	at org.springframework.aop.framework.CglibAopProxy$CglibMethodInvocation.proceed(CglibAopProxy.java:765)
	at org.springframework.aop.framework.CglibAopProxy$DynamicAdvisedInterceptor.intercept(CglibAopProxy.java:717)
	at com.example.observability.subscriber.listener.OrderEventListener$$SpringCGLIB$$0.receiveOrderEvent(<generated>)
	at com.example.observability.subscriber.config.PubSubConfig.handleMessage(PubSubConfig.java:54)
	at com.google.cloud.spring.pubsub.core.subscriber.PubSubSubscriberTemplate.lambda$subscribe$0(PubSubSubscriberTemplate.java:151)
	at com.google.cloud.pubsub.v1.MessageDispatcher$3.run(MessageDispatcher.java:514)
	at java.base/java.util.concurrent.Executors$RunnableAdapter.call(Executors.java:572)
	at java.base/java.util.concurrent.FutureTask.run(FutureTask.java:317)
	at java.base/java.util.concurrent.ScheduledThreadPoolExecutor$ScheduledFutureTask.run(ScheduledThreadPoolExecutor.java:304)
	at java.base/java.util.concurrent.ThreadPoolExecutor.runWorker(ThreadPoolExecutor.java:1144)
	at java.base/java.util.concurrent.ThreadPoolExecutor$Worker.run(ThreadPoolExecutor.java:642)
	at java.base/java.lang.Thread.run(Thread.java:1583)
Caused by: org.hibernate.TransactionException: Unable to rollback against JDBC Connection
	at org.hibernate.resource.jdbc.internal.AbstractLogicalConnectionImplementor.rollback(AbstractLogicalConnectionImplementor.java:127)
	at org.hibernate.resource.transaction.backend.jdbc.internal.JdbcResourceLocalTransactionCoordinatorImpl$TransactionDriverControlImpl.rollback(JdbcResourceLocalTransactionCoordinatorImpl.java:290)
	at org.hibernate.resource.transaction.backend.jdbc.internal.JdbcResourceLocalTransactionCoordinatorImpl$TransactionDriverControlImpl.commit(JdbcResourceLocalTransactionCoordinatorImpl.java:249)
	at org.hibernate.engine.transaction.internal.TransactionImpl.commit(TransactionImpl.java:101)
	at org.springframework.orm.jpa.JpaTransactionManager.doCommit(JpaTransactionManager.java:561)
	... 58 common frames omitted
Caused by: org.postgresql.util.PSQLException: Cannot rollback when autoCommit is enabled.
	at org.postgresql.jdbc.PgConnection.rollback(PgConnection.java:1003)
	at com.zaxxer.hikari.pool.ProxyConnection.rollback(ProxyConnection.java:385)
	at com.zaxxer.hikari.pool.HikariProxyConnection.rollback(HikariProxyConnection.java)
	at org.hibernate.resource.jdbc.internal.AbstractLogicalConnectionImplementor.rollback(AbstractLogicalConnectionImplementor.java:121)
	... 62 common frames omitted
2025-09-15 19:53:13.180 [global-gcp-pubsub-subscriber2] ERROR [895e87ccb373cb035b93d883ddc49401,66372c78bab2b339] c.e.o.s.listener.OrderEventListener - Error processing order event message: error=Unable to rollback against JDBC Connection
org.springframework.orm.jpa.JpaSystemException: Unable to rollback against JDBC Connection
	at org.springframework.orm.jpa.vendor.HibernateJpaDialect.convertHibernateAccessException(HibernateJpaDialect.java:341)
	at org.springframework.orm.jpa.vendor.HibernateJpaDialect.translateExceptionIfPossible(HibernateJpaDialect.java:241)
	at org.springframework.orm.jpa.JpaTransactionManager.doCommit(JpaTransactionManager.java:565)
	at org.springframework.transaction.support.AbstractPlatformTransactionManager.processCommit(AbstractPlatformTransactionManager.java:794)
	at org.springframework.transaction.support.AbstractPlatformTransactionManager.commit(AbstractPlatformTransactionManager.java:757)
	at org.springframework.transaction.interceptor.TransactionAspectSupport.commitTransactionAfterReturning(TransactionAspectSupport.java:676)
	at org.springframework.transaction.interceptor.TransactionAspectSupport.invokeWithinTransaction(TransactionAspectSupport.java:426)
	at org.springframework.transaction.interceptor.TransactionInterceptor.invoke(TransactionInterceptor.java:119)
	at org.springframework.aop.framework.ReflectiveMethodInvocation.proceed(ReflectiveMethodInvocation.java:184)
	at org.springframework.aop.framework.CglibAopProxy$CglibMethodInvocation.proceed(CglibAopProxy.java:765)
	at org.springframework.aop.interceptor.ExposeInvocationInterceptor.invoke(ExposeInvocationInterceptor.java:97)
	at org.springframework.aop.framework.ReflectiveMethodInvocation.proceed(ReflectiveMethodInvocation.java:184)
	at org.springframework.aop.framework.CglibAopProxy$CglibMethodInvocation.proceed(CglibAopProxy.java:765)
	at org.springframework.aop.framework.CglibAopProxy$DynamicAdvisedInterceptor.intercept(CglibAopProxy.java:717)
	at com.example.observability.subscriber.service.OrderProcessingService$$SpringCGLIB$$0.processOrderEvent(<generated>)
	at com.example.observability.subscriber.listener.OrderEventListener.processMessage(OrderEventListener.java:165)
	at com.example.observability.subscriber.listener.OrderEventListener.receiveOrderEvent(OrderEventListener.java:119)
	at java.base/jdk.internal.reflect.DirectMethodHandleAccessor.invoke(DirectMethodHandleAccessor.java:103)
	at java.base/java.lang.reflect.Method.invoke(Method.java:580)
	at org.springframework.aop.support.AopUtils.invokeJoinpointUsingReflection(AopUtils.java:351)
	at org.springframework.aop.framework.ReflectiveMethodInvocation.invokeJoinpoint(ReflectiveMethodInvocation.java:196)
	at org.springframework.aop.framework.ReflectiveMethodInvocation.proceed(ReflectiveMethodInvocation.java:163)
	at org.springframework.aop.framework.CglibAopProxy$CglibMethodInvocation.proceed(CglibAopProxy.java:765)
	at org.springframework.aop.aspectj.MethodInvocationProceedingJoinPoint.proceed(MethodInvocationProceedingJoinPoint.java:89)
	at io.micrometer.observation.aop.ObservedAspect.lambda$observe$2(ObservedAspect.java:150)
	at io.micrometer.observation.Observation.observeChecked(Observation.java:600)
	at io.micrometer.observation.aop.ObservedAspect.observe(ObservedAspect.java:150)
	at io.micrometer.observation.aop.ObservedAspect.observeMethod(ObservedAspect.java:128)
	at java.base/jdk.internal.reflect.DirectMethodHandleAccessor.invoke(DirectMethodHandleAccessor.java:103)
	at java.base/java.lang.reflect.Method.invoke(Method.java:580)
	at org.springframework.aop.aspectj.AbstractAspectJAdvice.invokeAdviceMethodWithGivenArgs(AbstractAspectJAdvice.java:637)
	at org.springframework.aop.aspectj.AbstractAspectJAdvice.invokeAdviceMethod(AbstractAspectJAdvice.java:627)
	at org.springframework.aop.aspectj.AspectJAroundAdvice.invoke(AspectJAroundAdvice.java:71)
	at org.springframework.aop.framework.ReflectiveMethodInvocation.proceed(ReflectiveMethodInvocation.java:184)
	at org.springframework.aop.framework.CglibAopProxy$CglibMethodInvocation.proceed(CglibAopProxy.java:765)
	at org.springframework.aop.aspectj.MethodInvocationProceedingJoinPoint.proceed(MethodInvocationProceedingJoinPoint.java:89)
	at io.micrometer.observation.aop.ObservedAspect.lambda$observe$2(ObservedAspect.java:150)
	at io.micrometer.observation.Observation.observeChecked(Observation.java:600)
	at io.micrometer.observation.aop.ObservedAspect.observe(ObservedAspect.java:150)
	at io.micrometer.observation.aop.ObservedAspect.observeClass(ObservedAspect.java:116)
	at java.base/jdk.internal.reflect.DirectMethodHandleAccessor.invoke(DirectMethodHandleAccessor.java:103)
	at java.base/java.lang.reflect.Method.invoke(Method.java:580)
	at org.springframework.aop.aspectj.AbstractAspectJAdvice.invokeAdviceMethodWithGivenArgs(AbstractAspectJAdvice.java:637)
	at org.springframework.aop.aspectj.AbstractAspectJAdvice.invokeAdviceMethod(AbstractAspectJAdvice.java:627)
	at org.springframework.aop.aspectj.AspectJAroundAdvice.invoke(AspectJAroundAdvice.java:71)
	at org.springframework.aop.framework.ReflectiveMethodInvocation.proceed(ReflectiveMethodInvocation.java:173)
	at org.springframework.aop.framework.CglibAopProxy$CglibMethodInvocation.proceed(CglibAopProxy.java:765)
	at org.springframework.aop.interceptor.ExposeInvocationInterceptor.invoke(ExposeInvocationInterceptor.java:97)
	at org.springframework.aop.framework.ReflectiveMethodInvocation.proceed(ReflectiveMethodInvocation.java:184)
	at org.springframework.aop.framework.CglibAopProxy$CglibMethodInvocation.proceed(CglibAopProxy.java:765)
	at org.springframework.aop.framework.CglibAopProxy$DynamicAdvisedInterceptor.intercept(CglibAopProxy.java:717)
	at com.example.observability.subscriber.listener.OrderEventListener$$SpringCGLIB$$0.receiveOrderEvent(<generated>)
	at com.example.observability.subscriber.config.PubSubConfig.handleMessage(PubSubConfig.java:54)
	at com.google.cloud.spring.pubsub.core.subscriber.PubSubSubscriberTemplate.lambda$subscribe$0(PubSubSubscriberTemplate.java:151)
	at com.google.cloud.pubsub.v1.MessageDispatcher$3.run(MessageDispatcher.java:514)
	at java.base/java.util.concurrent.Executors$RunnableAdapter.call(Executors.java:572)
	at java.base/java.util.concurrent.FutureTask.run(FutureTask.java:317)
	at java.base/java.util.concurrent.ScheduledThreadPoolExecutor$ScheduledFutureTask.run(ScheduledThreadPoolExecutor.java:304)
	at java.base/java.util.concurrent.ThreadPoolExecutor.runWorker(ThreadPoolExecutor.java:1144)
	at java.base/java.util.concurrent.ThreadPoolExecutor$Worker.run(ThreadPoolExecutor.java:642)
	at java.base/java.lang.Thread.run(Thread.java:1583)
Caused by: org.hibernate.TransactionException: Unable to rollback against JDBC Connection
	at org.hibernate.resource.jdbc.internal.AbstractLogicalConnectionImplementor.rollback(AbstractLogicalConnectionImplementor.java:127)
	at org.hibernate.resource.transaction.backend.jdbc.internal.JdbcResourceLocalTransactionCoordinatorImpl$TransactionDriverControlImpl.rollback(JdbcResourceLocalTransactionCoordinatorImpl.java:290)
	at org.hibernate.resource.transaction.backend.jdbc.internal.JdbcResourceLocalTransactionCoordinatorImpl$TransactionDriverControlImpl.commit(JdbcResourceLocalTransactionCoordinatorImpl.java:249)
	at org.hibernate.engine.transaction.internal.TransactionImpl.commit(TransactionImpl.java:101)
	at org.springframework.orm.jpa.JpaTransactionManager.doCommit(JpaTransactionManager.java:561)
	... 58 common frames omitted
Caused by: org.postgresql.util.PSQLException: Cannot rollback when autoCommit is enabled.
	at org.postgresql.jdbc.PgConnection.rollback(PgConnection.java:1003)
	at com.zaxxer.hikari.pool.ProxyConnection.rollback(ProxyConnection.java:385)
	at com.zaxxer.hikari.pool.HikariProxyConnection.rollback(HikariProxyConnection.java)
	at org.hibernate.resource.jdbc.internal.AbstractLogicalConnectionImplementor.rollback(AbstractLogicalConnectionImplementor.java:121)
	... 62 common frames omitted
2025-09-15 19:53:13.184 [global-gcp-pubsub-subscriber2] INFO  [,] c.e.o.subscriber.config.PubSubConfig - Message processed and acknowledged successfully
2025-09-15 19:53:13.184 [global-gcp-pubsub-subscriber1] INFO  [,] c.e.o.subscriber.config.PubSubConfig - Message processed and acknowledged successfully
2025-09-15 19:53:16.771 [tomcat-handler-0] INFO  [,] o.a.c.c.C.[Tomcat].[localhost].[/] - Initializing Spring DispatcherServlet 'dispatcherServlet'
2025-09-15 19:53:16.771 [tomcat-handler-0] INFO  [,] o.s.web.servlet.DispatcherServlet - Initializing Servlet 'dispatcherServlet'
2025-09-15 19:53:16.773 [tomcat-handler-0] INFO  [,] o.s.web.servlet.DispatcherServlet - Completed initialization in 2 ms
[otel.javaagent 2025-09-15 20:04:01:836 -0300] [OkHttp http://localhost:4317/...] ERROR io.opentelemetry.exporter.internal.grpc.GrpcExporter - Failed to export spans. The request could not be executed. Error message: Failed to connect to localhost/127.0.0.1:4317
java.net.ConnectException: Failed to connect to localhost/127.0.0.1:4317
	at okhttp3.internal.connection.ConnectPlan.connectSocket(ConnectPlan.kt:282)
	at okhttp3.internal.connection.ConnectPlan.connectTcp(ConnectPlan.kt:140)
	at okhttp3.internal.connection.FastFallbackExchangeFinder$launchTcpConnect$1.runOnce(FastFallbackExchangeFinder.kt:141)
	at okhttp3.internal.concurrent.TaskRunner$runnable$1.run(TaskRunner.kt:81)
	at java.base/java.util.concurrent.ThreadPoolExecutor.runWorker(ThreadPoolExecutor.java:1144)
	at java.base/java.util.concurrent.ThreadPoolExecutor$Worker.run(ThreadPoolExecutor.java:642)
	at java.base/java.lang.Thread.run(Thread.java:1583)
Caused by: java.net.ConnectException: Connection refused
	at java.base/sun.nio.ch.Net.pollConnect(Native Method)
	at java.base/sun.nio.ch.Net.pollConnectNow(Net.java:682)
	at java.base/sun.nio.ch.NioSocketImpl.timedFinishConnect(NioSocketImpl.java:542)
	at java.base/sun.nio.ch.NioSocketImpl.connect(NioSocketImpl.java:592)
	at java.base/java.net.SocksSocketImpl.connect(SocksSocketImpl.java:327)
	at java.base/java.net.Socket.connect(Socket.java:751)
	at okhttp3.internal.platform.Platform.connectSocket(Platform.kt:147)
	at okhttp3.internal.connection.ConnectPlan.connectSocket(ConnectPlan.kt:280)
	... 6 more
[otel.javaagent 2025-09-15 20:04:11:686 -0300] [OkHttp http://localhost:4317/...] ERROR io.opentelemetry.exporter.internal.grpc.GrpcExporter - Failed to export metrics. The request could not be executed. Error message: Failed to connect to localhost/127.0.0.1:4317
java.net.ConnectException: Failed to connect to localhost/127.0.0.1:4317
	at okhttp3.internal.connection.ConnectPlan.connectSocket(ConnectPlan.kt:282)
	at okhttp3.internal.connection.ConnectPlan.connectTcp(ConnectPlan.kt:140)
	at okhttp3.internal.connection.FastFallbackExchangeFinder$launchTcpConnect$1.runOnce(FastFallbackExchangeFinder.kt:141)
	at okhttp3.internal.concurrent.TaskRunner$runnable$1.run(TaskRunner.kt:81)
	at java.base/java.util.concurrent.ThreadPoolExecutor.runWorker(ThreadPoolExecutor.java:1144)
	at java.base/java.util.concurrent.ThreadPoolExecutor$Worker.run(ThreadPoolExecutor.java:642)
	at java.base/java.lang.Thread.run(Thread.java:1583)
Caused by: java.net.ConnectException: Connection refused
	at java.base/sun.nio.ch.Net.pollConnect(Native Method)
	at java.base/sun.nio.ch.Net.pollConnectNow(Net.java:682)
	at java.base/sun.nio.ch.NioSocketImpl.timedFinishConnect(NioSocketImpl.java:542)
	at java.base/sun.nio.ch.NioSocketImpl.connect(NioSocketImpl.java:592)
	at java.base/java.net.SocksSocketImpl.connect(SocksSocketImpl.java:327)
	at java.base/java.net.Socket.connect(Socket.java:751)
	at okhttp3.internal.platform.Platform.connectSocket(Platform.kt:147)
	at okhttp3.internal.connection.ConnectPlan.connectSocket(ConnectPlan.kt:280)
	... 6 more
[otel.javaagent 2025-09-15 20:04:14:085 -0300] [OkHttp http://localhost:4317/...] ERROR io.opentelemetry.exporter.internal.grpc.GrpcExporter - Failed to export spans. The request could not be executed. Error message: Failed to connect to localhost/127.0.0.1:4317
java.net.ConnectException: Failed to connect to localhost/127.0.0.1:4317
	at okhttp3.internal.connection.ConnectPlan.connectSocket(ConnectPlan.kt:282)
	at okhttp3.internal.connection.ConnectPlan.connectTcp(ConnectPlan.kt:140)
	at okhttp3.internal.connection.FastFallbackExchangeFinder$launchTcpConnect$1.runOnce(FastFallbackExchangeFinder.kt:141)
	at okhttp3.internal.concurrent.TaskRunner$runnable$1.run(TaskRunner.kt:81)
	at java.base/java.util.concurrent.ThreadPoolExecutor.runWorker(ThreadPoolExecutor.java:1144)
	at java.base/java.util.concurrent.ThreadPoolExecutor$Worker.run(ThreadPoolExecutor.java:642)
	at java.base/java.lang.Thread.run(Thread.java:1583)
Caused by: java.net.ConnectException: Connection refused
	at java.base/sun.nio.ch.Net.pollConnect(Native Method)
	at java.base/sun.nio.ch.Net.pollConnectNow(Net.java:682)
	at java.base/sun.nio.ch.NioSocketImpl.timedFinishConnect(NioSocketImpl.java:542)
	at java.base/sun.nio.ch.NioSocketImpl.connect(NioSocketImpl.java:592)
	at java.base/java.net.SocksSocketImpl.connect(SocksSocketImpl.java:327)
	at java.base/java.net.Socket.connect(Socket.java:751)
	at okhttp3.internal.platform.Platform.connectSocket(Platform.kt:147)
	at okhttp3.internal.connection.ConnectPlan.connectSocket(ConnectPlan.kt:280)
	... 6 more
[otel.javaagent 2025-09-15 20:04:27:291 -0300] [OkHttp http://localhost:4317/...] ERROR io.opentelemetry.exporter.internal.grpc.GrpcExporter - Failed to export spans. The request could not be executed. Error message: Failed to connect to localhost/127.0.0.1:4317
java.net.ConnectException: Failed to connect to localhost/127.0.0.1:4317
	at okhttp3.internal.connection.ConnectPlan.connectSocket(ConnectPlan.kt:282)
	at okhttp3.internal.connection.ConnectPlan.connectTcp(ConnectPlan.kt:140)
	at okhttp3.internal.connection.FastFallbackExchangeFinder$launchTcpConnect$1.runOnce(FastFallbackExchangeFinder.kt:141)
	at okhttp3.internal.concurrent.TaskRunner$runnable$1.run(TaskRunner.kt:81)
	at java.base/java.util.concurrent.ThreadPoolExecutor.runWorker(ThreadPoolExecutor.java:1144)
	at java.base/java.util.concurrent.ThreadPoolExecutor$Worker.run(ThreadPoolExecutor.java:642)
	at java.base/java.lang.Thread.run(Thread.java:1583)
Caused by: java.net.ConnectException: Connection refused
	at java.base/sun.nio.ch.Net.pollConnect(Native Method)
	at java.base/sun.nio.ch.Net.pollConnectNow(Net.java:682)
	at java.base/sun.nio.ch.NioSocketImpl.timedFinishConnect(NioSocketImpl.java:542)
	at java.base/sun.nio.ch.NioSocketImpl.connect(NioSocketImpl.java:592)
	at java.base/java.net.SocksSocketImpl.connect(SocksSocketImpl.java:327)
	at java.base/java.net.Socket.connect(Socket.java:751)
	at okhttp3.internal.platform.Platform.connectSocket(Platform.kt:147)
	at okhttp3.internal.connection.ConnectPlan.connectSocket(ConnectPlan.kt:280)
	... 6 more
[otel.javaagent 2025-09-15 20:04:41:129 -0300] [OkHttp http://localhost:4317/...] ERROR io.opentelemetry.exporter.internal.grpc.GrpcExporter - Failed to export spans. The request could not be executed. Error message: Failed to connect to localhost/127.0.0.1:4317
java.net.ConnectException: Failed to connect to localhost/127.0.0.1:4317
	at okhttp3.internal.connection.ConnectPlan.connectSocket(ConnectPlan.kt:282)
	at okhttp3.internal.connection.ConnectPlan.connectTcp(ConnectPlan.kt:140)
	at okhttp3.internal.connection.FastFallbackExchangeFinder$launchTcpConnect$1.runOnce(FastFallbackExchangeFinder.kt:141)
	at okhttp3.internal.concurrent.TaskRunner$runnable$1.run(TaskRunner.kt:81)
	at java.base/java.util.concurrent.ThreadPoolExecutor.runWorker(ThreadPoolExecutor.java:1144)
	at java.base/java.util.concurrent.ThreadPoolExecutor$Worker.run(ThreadPoolExecutor.java:642)
	at java.base/java.lang.Thread.run(Thread.java:1583)
Caused by: java.net.ConnectException: Connection refused
	at java.base/sun.nio.ch.Net.pollConnect(Native Method)
	at java.base/sun.nio.ch.Net.pollConnectNow(Net.java:682)
	at java.base/sun.nio.ch.NioSocketImpl.timedFinishConnect(NioSocketImpl.java:542)
	at java.base/sun.nio.ch.NioSocketImpl.connect(NioSocketImpl.java:592)
	at java.base/java.net.SocksSocketImpl.connect(SocksSocketImpl.java:327)
	at java.base/java.net.Socket.connect(Socket.java:751)
	at okhttp3.internal.platform.Platform.connectSocket(Platform.kt:147)
	at okhttp3.internal.connection.ConnectPlan.connectSocket(ConnectPlan.kt:280)
	... 6 more
[otel.javaagent 2025-09-15 20:04:54:342 -0300] [OkHttp http://localhost:4317/...] ERROR io.opentelemetry.exporter.internal.grpc.GrpcExporter - Failed to export spans. The request could not be executed. Error message: Failed to connect to localhost/127.0.0.1:4317
java.net.ConnectException: Failed to connect to localhost/127.0.0.1:4317
	at okhttp3.internal.connection.ConnectPlan.connectSocket(ConnectPlan.kt:282)
	at okhttp3.internal.connection.ConnectPlan.connectTcp(ConnectPlan.kt:140)
	at okhttp3.internal.connection.FastFallbackExchangeFinder$launchTcpConnect$1.runOnce(FastFallbackExchangeFinder.kt:141)
	at okhttp3.internal.concurrent.TaskRunner$runnable$1.run(TaskRunner.kt:81)
	at java.base/java.util.concurrent.ThreadPoolExecutor.runWorker(ThreadPoolExecutor.java:1144)
	at java.base/java.util.concurrent.ThreadPoolExecutor$Worker.run(ThreadPoolExecutor.java:642)
	at java.base/java.lang.Thread.run(Thread.java:1583)
Caused by: java.net.ConnectException: Connection refused
	at java.base/sun.nio.ch.Net.pollConnect(Native Method)
	at java.base/sun.nio.ch.Net.pollConnectNow(Net.java:682)
	at java.base/sun.nio.ch.NioSocketImpl.timedFinishConnect(NioSocketImpl.java:542)
	at java.base/sun.nio.ch.NioSocketImpl.connect(NioSocketImpl.java:592)
	at java.base/java.net.SocksSocketImpl.connect(SocksSocketImpl.java:327)
	at java.base/java.net.Socket.connect(Socket.java:751)
	at okhttp3.internal.platform.Platform.connectSocket(Platform.kt:147)
	at okhttp3.internal.connection.ConnectPlan.connectSocket(ConnectPlan.kt:280)
	... 6 more
2025-09-15 20:04:54.366 [SpringApplicationShutdownHook] INFO  [,] o.s.o.j.LocalContainerEntityManagerFactoryBean - Closing JPA EntityManagerFactory for persistence unit 'default'
2025-09-15 20:04:54.369 [SpringApplicationShutdownHook] INFO  [,] com.zaxxer.hikari.HikariDataSource - SubscriberServicePool - Shutdown initiated...
2025-09-15 20:04:54.371 [SpringApplicationShutdownHook] INFO  [,] com.zaxxer.hikari.HikariDataSource - SubscriberServicePool - Shutdown completed.
[otel.javaagent 2025-09-15 20:04:59:338 -0300] [OkHttp http://localhost:4317/...] ERROR io.opentelemetry.exporter.internal.grpc.GrpcExporter - Failed to export metrics. The request could not be executed. Error message: Failed to connect to localhost/127.0.0.1:4317
java.net.ConnectException: Failed to connect to localhost/127.0.0.1:4317
	at okhttp3.internal.connection.ConnectPlan.connectSocket(ConnectPlan.kt:282)
	at okhttp3.internal.connection.ConnectPlan.connectTcp(ConnectPlan.kt:140)
	at okhttp3.internal.connection.FastFallbackExchangeFinder$launchTcpConnect$1.runOnce(FastFallbackExchangeFinder.kt:141)
	at okhttp3.internal.concurrent.TaskRunner$runnable$1.run(TaskRunner.kt:81)
	at java.base/java.util.concurrent.ThreadPoolExecutor.runWorker(ThreadPoolExecutor.java:1144)
	at java.base/java.util.concurrent.ThreadPoolExecutor$Worker.run(ThreadPoolExecutor.java:642)
	at java.base/java.lang.Thread.run(Thread.java:1583)
Caused by: java.net.ConnectException: Connection refused
	at java.base/sun.nio.ch.Net.pollConnect(Native Method)
	at java.base/sun.nio.ch.Net.pollConnectNow(Net.java:682)
	at java.base/sun.nio.ch.NioSocketImpl.timedFinishConnect(NioSocketImpl.java:542)
	at java.base/sun.nio.ch.NioSocketImpl.connect(NioSocketImpl.java:592)
	at java.base/java.net.SocksSocketImpl.connect(SocksSocketImpl.java:327)
	at java.base/java.net.Socket.connect(Socket.java:751)
	at okhttp3.internal.platform.Platform.connectSocket(Platform.kt:147)
	at okhttp3.internal.connection.ConnectPlan.connectSocket(ConnectPlan.kt:280)
	... 6 more
[otel.javaagent 2025-09-15 20:05:03:057 -0300] [OkHttp http://localhost:4317/...] ERROR io.opentelemetry.exporter.internal.grpc.GrpcExporter - Failed to export logs. The request could not be executed. Error message: Failed to connect to localhost/127.0.0.1:4317
java.net.ConnectException: Failed to connect to localhost/127.0.0.1:4317
	at okhttp3.internal.connection.ConnectPlan.connectSocket(ConnectPlan.kt:282)
	at okhttp3.internal.connection.ConnectPlan.connectTcp(ConnectPlan.kt:140)
	at okhttp3.internal.connection.FastFallbackExchangeFinder$launchTcpConnect$1.runOnce(FastFallbackExchangeFinder.kt:141)
	at okhttp3.internal.concurrent.TaskRunner$runnable$1.run(TaskRunner.kt:81)
	at java.base/java.util.concurrent.ThreadPoolExecutor.runWorker(ThreadPoolExecutor.java:1144)
	at java.base/java.util.concurrent.ThreadPoolExecutor$Worker.run(ThreadPoolExecutor.java:642)
	at java.base/java.lang.Thread.run(Thread.java:1583)
Caused by: java.net.ConnectException: Connection refused
	at java.base/sun.nio.ch.Net.pollConnect(Native Method)
	at java.base/sun.nio.ch.Net.pollConnectNow(Net.java:682)
	at java.base/sun.nio.ch.NioSocketImpl.timedFinishConnect(NioSocketImpl.java:542)
	at java.base/sun.nio.ch.NioSocketImpl.connect(NioSocketImpl.java:592)
	at java.base/java.net.SocksSocketImpl.connect(SocksSocketImpl.java:327)
	at java.base/java.net.Socket.connect(Socket.java:751)
	at okhttp3.internal.platform.Platform.connectSocket(Platform.kt:147)
	at okhttp3.internal.connection.ConnectPlan.connectSocket(ConnectPlan.kt:280)
	... 6 more
